###############################################################################
#
# IAR ELF Linker V8.50.9.278/W32 for ARM                  08/Sep/2024  14:16:34
# Copyright 2007-2020 IAR Systems AB.
#
#    Output file  =  D:\kod\Project_ARM\04_LCD_NEW\Debug\Exe\04_LCD_NEW.out
#    Map file     =  D:\kod\Project_ARM\04_LCD_NEW\Debug\List\04_LCD_NEW.map
#    Command line =
#        -f C:\Users\90553\AppData\Local\Temp\EWE06D.tmp
#        (D:\kod\Project_ARM\04_LCD_NEW\Debug\Obj\delay.o
#        D:\kod\Project_ARM\04_LCD_NEW\Debug\Obj\io.o
#        D:\kod\Project_ARM\04_LCD_NEW\Debug\Obj\lcd.o
#        D:\kod\Project_ARM\04_LCD_NEW\Debug\Obj\main.o
#        D:\kod\Project_ARM\04_LCD_NEW\Debug\Obj\startup_stm32f411xe.o
#        D:\kod\Project_ARM\04_LCD_NEW\Debug\Obj\stm32f4xx_gpio.o
#        D:\kod\Project_ARM\04_LCD_NEW\Debug\Obj\stm32f4xx_it.o
#        D:\kod\Project_ARM\04_LCD_NEW\Debug\Obj\stm32f4xx_rcc.o
#        D:\kod\Project_ARM\04_LCD_NEW\Debug\Obj\system.o
#        D:\kod\Project_ARM\04_LCD_NEW\Debug\Obj\system_stm32f4xx.o
#        --no_out_extension -o
#        D:\kod\Project_ARM\04_LCD_NEW\Debug\Exe\04_LCD_NEW.out --redirect
#        _Printf=_PrintfFullNoMb --redirect _Scanf=_ScanfFullNoMb --map
#        D:\kod\Project_ARM\04_LCD_NEW\Debug\List\04_LCD_NEW.map --config
#        C:\iar8509\arm\config\linker\ST\stm32f411xE.icf --semihosting --entry
#        __iar_program_start --vfe --text_out locale)
#
###############################################################################

*******************************************************************************
*** RUNTIME MODEL ATTRIBUTES
***

CppFlavor       = *
__SystemLibrary = DLib
__dlib_version  = 6


*******************************************************************************
*** HEAP SELECTION
***

The basic heap was selected because no calls to memory allocation
functions were found in the application outside of system library
functions, and there are calls to deallocation functions in the
application.


*******************************************************************************
*** PLACEMENT SUMMARY
***

"A0":  place at address 0x800'0000 { ro section .intvec };
"P1":  place in [from 0x800'0000 to 0x807'ffff] { ro };
define block CSTACK with size = 8K, alignment = 8 { };
define block HEAP with size = 8K, alignment = 8 { };
"P2":  place in [from 0x2000'0000 to 0x2001'ffff] {
          rw, block CSTACK, block HEAP };
initialize by copy { rw };

  Section            Kind         Address    Size  Object
  -------            ----         -------    ----  ------
"A0":                                       0x198
  .intvec            ro code   0x800'0000   0x198  startup_stm32f411xe.o [1]
                             - 0x800'0198   0x198

"P1":                                      0x259d
  .text              ro code   0x800'0198   0xfa6  xprintffull_nomb.o [2]
  .text              ro code   0x800'1140    0x16  strchr.o [4]
  .text              ro code   0x800'1158    0x40  xfail_s.o [2]
  .text              ro code   0x800'1198    0x36  strlen.o [4]
  .text              ro code   0x800'11d0    0x58  memchr.o [4]
  .text              ro code   0x800'1228    0xa6  ABImemcpy.o [4]
  .text              ro code   0x800'12d0    0x70  frexp.o [3]
  .text              ro code   0x800'1340    0x2e  DblCmpLe.o [3]
  .text              ro code   0x800'1370    0x2e  DblCmpGe.o [3]
  .text              ro code   0x800'13a0   0x13a  ldexp.o [3]
  .text              ro code   0x800'14dc    0x3a  DblToS32.o [3]
  .text              ro code   0x800'1518    0x22  S32ToDbl.o [3]
  .text              ro code   0x800'153c    0xe2  DblSub.o [3]
  .text              ro code   0x800'1620   0x246  DblDiv.o [3]
  .text              ro code   0x800'1868    0x28  DblToU32.o [3]
  .text              ro code   0x800'1890    0x1a  U32ToDbl.o [3]
  .text              ro code   0x800'18ac   0x1a2  DblMul.o [3]
  .text              ro code   0x800'1a50   0x230  I64DivMod.o [4]
  .text              ro code   0x800'1c80     0x6  abort.o [2]
  .text              ro code   0x800'1c88   0x16a  DblAdd.o [3]
  .text              ro code   0x800'1df4     0x2  I64DivZer.o [4]
  .text              ro code   0x800'1df8    0x14  exit.o [5]
  .text              ro code   0x800'1e0c   0x198  lcd.o [1]
  .text              ro code   0x800'1fa4   0x124  io.o [1]
  .text              ro code   0x800'20c8    0x4c  delay.o [1]
  .text              ro code   0x800'2114    0xa8  stm32f4xx_gpio.o [1]
  .text              ro code   0x800'21bc    0xf4  system.o [1]
  .text              ro code   0x800'22b0    0x20  stm32f4xx_rcc.o [1]
  .text              ro code   0x800'22d0    0xe4  main.o [1]
  .text              ro code   0x800'23b4    0x28  printf.o [2]
  .text              ro code   0x800'23dc    0xcc  system_stm32f4xx.o [1]
  .text              ro code   0x800'24a8    0x38  packbits_init_single.o [4]
  .text              ro code   0x800'24e0    0x28  data_init.o [4]
  .iar.init_table    const     0x800'2508    0x10  - Linker created -
  .text              ro code   0x800'2518    0x20  putchar.o [2]
  .text              ro code   0x800'2538    0x1e  cmain.o [4]
  .text              ro code   0x800'2556     0x4  low_level_init.o [2]
  .text              ro code   0x800'255a     0x4  exit.o [2]
  .text              ro code   0x800'2560     0xa  cexit.o [4]
  .rodata            const     0x800'256c    0x1c  system.o [1]
  .text              ro code   0x800'2588    0x1c  cstartup_M.o [4]
  .text              ro code   0x800'25a4    0x18  stm32f4xx_it.o [1]
  .text              ro code   0x800'25bc    0x16  xprout.o [2]
  .rodata            const     0x800'25d4    0x10  main.o [1]
  .text              ro code   0x800'25e4    0x10  startup_stm32f411xe.o [1]
  .rodata            const     0x800'25f4     0xc  main.o [1]
  .rodata            const     0x800'2600     0x8  xprintffull_nomb.o [2]
  .text              ro code   0x800'2608     0x4  startup_stm32f411xe.o [1]
  .text              ro code   0x800'260c     0x4  startup_stm32f411xe.o [1]
  .text              ro code   0x800'2610     0x4  startup_stm32f411xe.o [1]
  .text              ro code   0x800'2614     0x4  startup_stm32f411xe.o [1]
  .text              ro code   0x800'2618     0x4  startup_stm32f411xe.o [1]
  .text              ro code   0x800'261c     0x4  startup_stm32f411xe.o [1]
  .text              ro code   0x800'2620     0x4  startup_stm32f411xe.o [1]
  .text              ro code   0x800'2624     0x4  startup_stm32f411xe.o [1]
  .text              ro code   0x800'2628     0x4  startup_stm32f411xe.o [1]
  .text              ro code   0x800'262c     0x4  startup_stm32f411xe.o [1]
  .text              ro code   0x800'2630     0x4  startup_stm32f411xe.o [1]
  .text              ro code   0x800'2634     0x4  startup_stm32f411xe.o [1]
  .text              ro code   0x800'2638     0x4  startup_stm32f411xe.o [1]
  .text              ro code   0x800'263c     0x4  startup_stm32f411xe.o [1]
  .text              ro code   0x800'2640     0x4  startup_stm32f411xe.o [1]
  .text              ro code   0x800'2644     0x4  startup_stm32f411xe.o [1]
  .text              ro code   0x800'2648     0x4  startup_stm32f411xe.o [1]
  .text              ro code   0x800'264c     0x4  startup_stm32f411xe.o [1]
  .text              ro code   0x800'2650     0x4  startup_stm32f411xe.o [1]
  .text              ro code   0x800'2654     0x4  startup_stm32f411xe.o [1]
  .text              ro code   0x800'2658     0x4  startup_stm32f411xe.o [1]
  .text              ro code   0x800'265c     0x4  startup_stm32f411xe.o [1]
  .text              ro code   0x800'2660     0x4  startup_stm32f411xe.o [1]
  .text              ro code   0x800'2664     0x4  startup_stm32f411xe.o [1]
  .text              ro code   0x800'2668     0x4  startup_stm32f411xe.o [1]
  .text              ro code   0x800'266c     0x4  startup_stm32f411xe.o [1]
  .text              ro code   0x800'2670     0x4  startup_stm32f411xe.o [1]
  .text              ro code   0x800'2674     0x4  startup_stm32f411xe.o [1]
  .text              ro code   0x800'2678     0x4  startup_stm32f411xe.o [1]
  .text              ro code   0x800'267c     0x4  startup_stm32f411xe.o [1]
  .text              ro code   0x800'2680     0x4  startup_stm32f411xe.o [1]
  .text              ro code   0x800'2684     0x4  startup_stm32f411xe.o [1]
  .text              ro code   0x800'2688     0x4  startup_stm32f411xe.o [1]
  .text              ro code   0x800'268c     0x4  startup_stm32f411xe.o [1]
  .text              ro code   0x800'2690     0x4  startup_stm32f411xe.o [1]
  .text              ro code   0x800'2694     0x4  startup_stm32f411xe.o [1]
  .text              ro code   0x800'2698     0x4  startup_stm32f411xe.o [1]
  .text              ro code   0x800'269c     0x4  startup_stm32f411xe.o [1]
  .text              ro code   0x800'26a0     0x4  startup_stm32f411xe.o [1]
  .text              ro code   0x800'26a4     0x4  startup_stm32f411xe.o [1]
  .text              ro code   0x800'26a8     0x4  startup_stm32f411xe.o [1]
  .text              ro code   0x800'26ac     0x4  startup_stm32f411xe.o [1]
  .text              ro code   0x800'26b0     0x4  startup_stm32f411xe.o [1]
  .text              ro code   0x800'26b4     0x4  startup_stm32f411xe.o [1]
  .text              ro code   0x800'26b8     0x4  startup_stm32f411xe.o [1]
  .text              ro code   0x800'26bc     0x4  startup_stm32f411xe.o [1]
  .text              ro code   0x800'26c0     0x4  startup_stm32f411xe.o [1]
  .text              ro code   0x800'26c4     0x4  startup_stm32f411xe.o [1]
  .text              ro code   0x800'26c8     0x4  startup_stm32f411xe.o [1]
  .text              ro code   0x800'26cc     0x4  startup_stm32f411xe.o [1]
  .text              ro code   0x800'26d0     0x4  startup_stm32f411xe.o [1]
  .text              ro code   0x800'26d4     0x4  startup_stm32f411xe.o [1]
  .text              ro code   0x800'26d8     0x4  startup_stm32f411xe.o [1]
  .text              ro code   0x800'26dc     0x4  startup_stm32f411xe.o [1]
  .text              ro code   0x800'26e0     0x4  startup_stm32f411xe.o [1]
  .text              ro code   0x800'26e4     0x4  startup_stm32f411xe.o [1]
  .text              ro code   0x800'26e8     0x4  startup_stm32f411xe.o [1]
  .rodata            const     0x800'26ec     0x0  packbits_init_single.o [4]
  Initializer bytes  const     0x800'26ec    0x49  <for P2-1>
                             - 0x800'2735  0x259d

"P2", part 1 of 2:                           0x6d
  P2-1                        0x2000'0000    0x6d  <Init block>
    .data            inited   0x2000'0000    0x38  io.o [1]
    .data            inited   0x2000'0038    0x1c  io.o [1]
    .data            inited   0x2000'0054     0x4  system_stm32f4xx.o [1]
    .bss             inited   0x2000'0058     0x4  main.o [1]
    .bss             inited   0x2000'005c     0x4  main.o [1]
    .bss             inited   0x2000'0060     0x4  main.o [1]
    .bss             inited   0x2000'0064     0x4  system.o [1]
    .bss             inited   0x2000'0068     0x4  xfail_s.o [2]
    .bss             inited   0x2000'006c     0x1  main.o [1]
                            - 0x2000'006d    0x6d

"P2", part 2 of 2:                         0x2000
  CSTACK                      0x2000'0070  0x2000  <Block>
    CSTACK           uninit   0x2000'0070  0x2000  <Block tail>
                            - 0x2000'2070  0x2000

Unused ranges:

         From           To      Size
         ----           --      ----
   0x800'2735   0x807'ffff  0x7'd8cb
  0x2000'006d  0x2000'006f       0x3
  0x2000'2070  0x2001'ffff  0x1'df90


*******************************************************************************
*** INIT TABLE
***

          Address      Size
          -------      ----
Copy/packbits (__iar_packbits_init_single3)
    1 source range, total size 0x49 (66% of destination):
           0x800'26ec  0x49
    1 destination range, total size 0x6d:
          0x2000'0000  0x6d



*******************************************************************************
*** MODULE SUMMARY
***

    Module                  ro code  ro data  rw data
    ------                  -------  -------  -------
command line/config:
    -------------------------------------------------
    Total:

D:\kod\Project_ARM\04_LCD_NEW\Debug\Obj: [1]
    delay.o                      76
    io.o                        292       56       84
    lcd.o                       408
    main.o                      228       37       13
    startup_stm32f411xe.o       652
    stm32f4xx_gpio.o            168
    stm32f4xx_it.o               24
    stm32f4xx_rcc.o              32
    system.o                    244       31        4
    system_stm32f4xx.o          204        2        4
    -------------------------------------------------
    Total:                    2'328      126      105

dl7M_tln.a: [2]
    abort.o                       6
    exit.o                        4
    low_level_init.o              4
    printf.o                     40
    putchar.o                    32
    xfail_s.o                    64        3        4
    xprintffull_nomb.o        4'006        8
    xprout.o                     22
    -------------------------------------------------
    Total:                    4'178       11        4

m7M_tl.a: [3]
    DblAdd.o                    362
    DblCmpGe.o                   46
    DblCmpLe.o                   46
    DblDiv.o                    582
    DblMul.o                    418
    DblSub.o                    226
    DblToS32.o                   58
    DblToU32.o                   40
    S32ToDbl.o                   34
    U32ToDbl.o                   26
    frexp.o                     112
    ldexp.o                     314
    -------------------------------------------------
    Total:                    2'264

rt7M_tl.a: [4]
    ABImemcpy.o                 166
    I64DivMod.o                 560
    I64DivZer.o                   2
    cexit.o                      10
    cmain.o                      30
    cstartup_M.o                 28
    data_init.o                  40
    memchr.o                     88
    packbits_init_single.o       56
    strchr.o                     22
    strlen.o                     54
    -------------------------------------------------
    Total:                    1'056

shb_l.a: [5]
    exit.o                       20
    -------------------------------------------------
    Total:                       20

    Gaps                         34        4
    Linker created                        16    8'192
-----------------------------------------------------
    Grand Total:              9'880      157    8'301


*******************************************************************************
*** ENTRY LIST
***

Entry                       Address   Size  Type      Object
-----                       -------   ----  ----      ------
.iar.init_table$$Base    0x800'2508          --   Gb  - Linker created -
.iar.init_table$$Limit   0x800'2518          --   Gb  - Linker created -
?main                    0x800'2539         Code  Gb  cmain.o [4]
BusFault_Handler         0x800'25ab    0x2  Code  Gb  stm32f4xx_it.o [1]
CSTACK$$Base            0x2000'0070          --   Gb  - Linker created -
CSTACK$$Limit           0x2000'2070          --   Gb  - Linker created -
DebugMon_Handler         0x800'25b1    0x2  Code  Gb  stm32f4xx_it.o [1]
GPIO_Clocks              0x800'256c   0x1c  Data  Lc  system.o [1]
GPIO_Init                0x800'2115   0xa8  Code  Gb  stm32f4xx_gpio.o [1]
GPIO_Ports              0x2000'0038   0x1c  Data  Gb  io.o [1]
HardFault_Handler        0x800'25a7    0x2  Code  Gb  stm32f4xx_it.o [1]
IO_Init                  0x800'1fa5   0xea  Code  Gb  io.o [1]
IO_Write                 0x800'208f   0x30  Code  Gb  io.o [1]
LCD_Clear                0x800'1ecf   0x10  Code  Gb  lcd.o [1]
LCD_Enable               0x800'1eed   0x12  Code  Gb  lcd.o [1]
LCD_Init                 0x800'1eff   0x6e  Code  Gb  lcd.o [1]
LCD_PutChar              0x800'1eb9   0x16  Code  Gb  lcd.o [1]
LCD_SendCmd              0x800'1e9b   0x1e  Code  Gb  lcd.o [1]
LCD_SendCmdL             0x800'1e6d   0x16  Code  Lc  lcd.o [1]
LCD_SendData             0x800'1e83   0x18  Code  Lc  lcd.o [1]
LCD_SendDataL            0x800'1e0d   0x60  Code  Lc  lcd.o [1]
LCD_SetCursor            0x800'1edf    0xe  Code  Gb  lcd.o [1]
LCD_putch                0x800'1f75   0x30  Code  Gb  lcd.o [1]
MemManage_Handler        0x800'25a9    0x2  Code  Gb  stm32f4xx_it.o [1]
NMI_Handler              0x800'25a5    0x2  Code  Gb  stm32f4xx_it.o [1]
PendSV_Handler           0x800'25b3    0x2  Code  Gb  stm32f4xx_it.o [1]
RCC_AHB1PeriphClockCmd   0x800'22b1   0x1c  Code  Gb  stm32f4xx_rcc.o [1]
Region$$Table$$Base      0x800'2508          --   Gb  - Linker created -
Region$$Table$$Limit     0x800'2518          --   Gb  - Linker created -
SVC_Handler              0x800'25af    0x2  Code  Gb  stm32f4xx_it.o [1]
SetSysClock              0x800'2419   0x60  Code  Lc  system_stm32f4xx.o [1]
SysTick_Config           0x800'21e1   0x2e  Code  Lc  system.o [1]
SysTick_Handler          0x800'25b5    0x8  Code  Gb  stm32f4xx_it.o [1]
Sys_ClockTick            0x800'223d    0xa  Code  Gb  system.o [1]
Sys_ConsoleInit          0x800'226d    0x8  Code  Gb  system.o [1]
Sys_IoInit               0x800'220f   0x1a  Code  Gb  system.o [1]
Sys_TickInit             0x800'2229   0x14  Code  Gb  system.o [1]
SystemCoreClock         0x2000'0054    0x4  Data  Gb  system_stm32f4xx.o [1]
SystemInit               0x800'23dd   0x3c  Code  Gb  system_stm32f4xx.o [1]
Task_LED                 0x800'22fb   0x68  Code  Gb  main.o [1]
Task_LED::state         0x2000'006c    0x1  Data  Lc  main.o [1]
Task_LED::t0            0x2000'0058    0x4  Data  Lc  main.o [1]
Task_LED::t1            0x2000'005c    0x4  Data  Lc  main.o [1]
Task_Print               0x800'2363   0x1c  Code  Gb  main.o [1]
UsageFault_Handler       0x800'25ad    0x2  Code  Gb  stm32f4xx_it.o [1]
_LitobFullNoMb           0x800'0f39  0x10a  Code  Lc  xprintffull_nomb.o [2]
_PrintfFullNoMb          0x800'0199  0xd7c  Code  Gb  xprintffull_nomb.o [2]
_Prout                   0x800'25bd   0x16  Code  Gb  xprout.o [2]
_PutcharFullNoMb         0x800'10a9   0x20  Code  Lc  xprintffull_nomb.o [2]
_PutcharsFullNoMb        0x800'10c9   0x2e  Code  Lc  xprintffull_nomb.o [2]
_TmTick                 0x2000'0064    0x4  Data  Gb  system.o [1]
__NVIC_SetPriority       0x800'21bd   0x24  Code  Lc  system.o [1]
__aeabi_cdcmple          0x800'1341         Code  Gb  DblCmpLe.o [3]
__aeabi_cdrcmple         0x800'1371         Code  Gb  DblCmpGe.o [3]
__aeabi_d2iz             0x800'14dd         Code  Gb  DblToS32.o [3]
__aeabi_d2uiz            0x800'1869         Code  Gb  DblToU32.o [3]
__aeabi_ddiv             0x800'1621         Code  Gb  DblDiv.o [3]
__aeabi_dmul             0x800'18ad         Code  Gb  DblMul.o [3]
__aeabi_dsub             0x800'153d         Code  Gb  DblSub.o [3]
__aeabi_i2d              0x800'1519         Code  Gb  S32ToDbl.o [3]
__aeabi_ldiv0            0x800'1df5         Code  Gb  I64DivZer.o [4]
__aeabi_memcpy           0x800'1229         Code  Gb  ABImemcpy.o [4]
__aeabi_memcpy4          0x800'1249         Code  Gb  ABImemcpy.o [4]
__aeabi_memcpy8          0x800'1249         Code  Gb  ABImemcpy.o [4]
__aeabi_ui2d             0x800'1891         Code  Gb  U32ToDbl.o [3]
__aeabi_uldivmod         0x800'1a51         Code  Gb  I64DivMod.o [4]
__cmain                  0x800'2539         Code  Gb  cmain.o [4]
__delay                  0x800'20dd         Code  Wk  delay.o [1]
__exit                   0x800'1df9   0x14  Code  Gb  exit.o [5]
__iar_Fail_s             0x800'1159   0x1c  Code  Gb  xfail_s.o [2]
__iar_Memchr             0x800'11d1         Code  Gb  memchr.o [4]
__iar_Strchr             0x800'1141         Code  Gb  strchr.o [4]
__iar_dadd               0x800'154d         Code  Gb  DblSub.o [3]
__iar_data_init3         0x800'24e1   0x28  Code  Gb  data_init.o [4]
__iar_dsub               0x800'1c89         Code  Gb  DblAdd.o [3]
__iar_dsubStart          0x800'1c9b         Code  Gb  DblAdd.o [3]
__iar_frexp              0x800'12dd         Code  Gb  frexp.o [3]
__iar_frexp64            0x800'12d1         Code  Gb  frexp.o [3]
__iar_frexpl             0x800'12dd         Code  Gb  frexp.o [3]
__iar_ldexp64            0x800'13a1         Code  Gb  ldexp.o [3]
__iar_packbits_init_single3
                         0x800'24a9   0x38  Code  Gb  packbits_init_single.o [4]
__iar_program_start      0x800'2589         Code  Gb  cstartup_M.o [4]
__iar_scalbln64          0x800'13a1         Code  Gb  ldexp.o [3]
__iar_scalbn64           0x800'13a1         Code  Gb  ldexp.o [3]
__low_level_init         0x800'2557    0x4  Code  Gb  low_level_init.o [2]
__vector_table           0x800'0000         Data  Gb  startup_stm32f411xe.o [1]
__write                  0x800'227f   0x32  Code  Gb  system.o [1]
_call_main               0x800'2545         Code  Gb  cmain.o [4]
_exit                    0x800'2561         Code  Gb  cexit.o [4]
_ios                    0x2000'0000   0x38  Data  Gb  io.o [1]
_main                    0x800'254f         Code  Gb  cmain.o [4]
_putch                   0x800'2275    0xa  Code  Gb  system.o [1]
abort                    0x800'1c81    0x6  Code  Gb  abort.o [2]
clock                    0x800'2247    0x6  Code  Gb  system.o [1]
exit                     0x800'255b    0x4  Code  Gb  exit.o [2]
frexp                    0x800'12d1         Code  Gb  frexp.o [3]
frexpl                   0x800'12d1         Code  Gb  frexp.o [3]
init                     0x800'22d1   0x2a  Code  Gb  main.o [1]
ldexp                    0x800'13a1         Code  Gb  ldexp.o [3]
ldexpl                   0x800'13a1         Code  Gb  ldexp.o [3]
main                     0x800'237f   0x16  Code  Gb  main.o [1]
memchr                   0x800'11d1         Code  Gb  memchr.o [4]
printf                   0x800'23b5   0x28  Code  Gb  printf.o [2]
putchar                  0x800'2519   0x20  Code  Gb  putchar.o [2]
scalbln                  0x800'13a1         Code  Gb  ldexp.o [3]
scalblnl                 0x800'13a1         Code  Gb  ldexp.o [3]
scalbn                   0x800'13a1         Code  Gb  ldexp.o [3]
scalbnl                  0x800'13a1         Code  Gb  ldexp.o [3]
scale                    0x800'1043   0x46  Code  Lc  xprintffull_nomb.o [2]
sec_hand                0x2000'0068    0x4  Data  Lc  xfail_s.o [2]
strchr                   0x800'1141         Code  Gb  strchr.o [4]
strlen                   0x800'1199         Code  Gb  strlen.o [4]
sys_sec                 0x2000'0060    0x4  Data  Lc  main.o [1]


[1] = D:\kod\Project_ARM\04_LCD_NEW\Debug\Obj
[2] = dl7M_tln.a
[3] = m7M_tl.a
[4] = rt7M_tl.a
[5] = shb_l.a

  9'880 bytes of readonly  code memory
    157 bytes of readonly  data memory
  8'301 bytes of readwrite data memory

Errors: none
Warnings: none
