###############################################################################
#
# IAR ELF Linker V8.50.9.278/W32 for ARM                  08/Sep/2024  22:29:36
# Copyright 2007-2020 IAR Systems AB.
#
#    Output file  =  D:\kod\Project_ARM\05_UART_LCD\Debug\Exe\05_UART_LCD.out
#    Map file     =  D:\kod\Project_ARM\05_UART_LCD\Debug\List\05_UART_LCD.map
#    Command line =
#        -f C:\Users\90553\AppData\Local\Temp\EW43B8.tmp
#        (D:\kod\Project_ARM\05_UART_LCD\Debug\Obj\delay.o
#        D:\kod\Project_ARM\05_UART_LCD\Debug\Obj\io.o
#        D:\kod\Project_ARM\05_UART_LCD\Debug\Obj\lcd.o
#        D:\kod\Project_ARM\05_UART_LCD\Debug\Obj\main.o
#        D:\kod\Project_ARM\05_UART_LCD\Debug\Obj\startup_stm32f411xe.o
#        D:\kod\Project_ARM\05_UART_LCD\Debug\Obj\stm32f4xx_gpio.o
#        D:\kod\Project_ARM\05_UART_LCD\Debug\Obj\stm32f4xx_it.o
#        D:\kod\Project_ARM\05_UART_LCD\Debug\Obj\stm32f4xx_rcc.o
#        D:\kod\Project_ARM\05_UART_LCD\Debug\Obj\stm32f4xx_usart.o
#        D:\kod\Project_ARM\05_UART_LCD\Debug\Obj\system.o
#        D:\kod\Project_ARM\05_UART_LCD\Debug\Obj\system_stm32f4xx.o
#        D:\kod\Project_ARM\05_UART_LCD\Debug\Obj\UART.o --no_out_extension -o
#        D:\kod\Project_ARM\05_UART_LCD\Debug\Exe\05_UART_LCD.out --redirect
#        _Printf=_PrintfFullNoMb --redirect _Scanf=_ScanfFullNoMb --map
#        D:\kod\Project_ARM\05_UART_LCD\Debug\List\05_UART_LCD.map --config
#        C:\iar8509\arm\config\linker\ST\stm32f411xE.icf --semihosting --entry
#        __iar_program_start --vfe --text_out locale)
#
###############################################################################

*******************************************************************************
*** RUNTIME MODEL ATTRIBUTES
***

CppFlavor       = *
__SystemLibrary = DLib
__dlib_version  = 6


*******************************************************************************
*** HEAP SELECTION
***

The basic heap was selected because no calls to memory allocation
functions were found in the application outside of system library
functions, and there are calls to deallocation functions in the
application.


*******************************************************************************
*** PLACEMENT SUMMARY
***

"A0":  place at address 0x800'0000 { ro section .intvec };
"P1":  place in [from 0x800'0000 to 0x807'ffff] { ro };
define block CSTACK with size = 8K, alignment = 8 { };
define block HEAP with size = 8K, alignment = 8 { };
"P2":  place in [from 0x2000'0000 to 0x2001'ffff] {
          rw, block CSTACK, block HEAP };
initialize by copy { rw };

  Section            Kind         Address    Size  Object
  -------            ----         -------    ----  ------
"A0":                                       0x198
  .intvec            ro code   0x800'0000   0x198  startup_stm32f411xe.o [1]
                             - 0x800'0198   0x198

"P1":                                      0x2910
  .text              ro code   0x800'0198   0xfa6  xprintffull_nomb.o [2]
  .text              ro code   0x800'1140    0x16  strchr.o [4]
  .text              ro code   0x800'1158    0x40  xfail_s.o [2]
  .text              ro code   0x800'1198    0x36  strlen.o [4]
  .text              ro code   0x800'11d0    0x58  memchr.o [4]
  .text              ro code   0x800'1228    0xa6  ABImemcpy.o [4]
  .text              ro code   0x800'12d0    0x70  frexp.o [3]
  .text              ro code   0x800'1340    0x2e  DblCmpLe.o [3]
  .text              ro code   0x800'1370    0x2e  DblCmpGe.o [3]
  .text              ro code   0x800'13a0   0x13a  ldexp.o [3]
  .text              ro code   0x800'14dc    0x3a  DblToS32.o [3]
  .text              ro code   0x800'1518    0x22  S32ToDbl.o [3]
  .text              ro code   0x800'153c    0xe2  DblSub.o [3]
  .text              ro code   0x800'1620   0x246  DblDiv.o [3]
  .text              ro code   0x800'1868    0x28  DblToU32.o [3]
  .text              ro code   0x800'1890    0x1a  U32ToDbl.o [3]
  .text              ro code   0x800'18ac   0x1a2  DblMul.o [3]
  .text              ro code   0x800'1a50   0x230  I64DivMod.o [4]
  .text              ro code   0x800'1c80     0x6  abort.o [2]
  .text              ro code   0x800'1c88   0x16a  DblAdd.o [3]
  .text              ro code   0x800'1df4     0x2  I64DivZer.o [4]
  .text              ro code   0x800'1df8    0x14  exit.o [5]
  .text              ro code   0x800'1e0c   0x198  lcd.o [1]
  .text              ro code   0x800'1fa4   0x124  io.o [1]
  .text              ro code   0x800'20c8    0x4c  delay.o [1]
  .text              ro code   0x800'2114    0xa8  stm32f4xx_gpio.o [1]
  .text              ro code   0x800'21bc   0x12c  stm32f4xx_rcc.o [1]
  .text              ro code   0x800'22e8   0x110  system.o [1]
  .text              ro code   0x800'23f8    0xd4  UART.o [1]
  .text              ro code   0x800'24cc   0x106  stm32f4xx_usart.o [1]
  .text              ro code   0x800'25d4    0xf4  main.o [1]
  .text              ro code   0x800'26c8    0x28  printf.o [2]
  .text              ro code   0x800'26f0    0xcc  system_stm32f4xx.o [1]
  .text              ro code   0x800'27bc    0x38  packbits_init_single.o [4]
  .text              ro code   0x800'27f4    0x28  data_init.o [4]
  .iar.init_table    const     0x800'281c    0x10  - Linker created -
  .text              ro code   0x800'282c    0x20  putchar.o [2]
  .text              ro code   0x800'284c    0x1e  cmain.o [4]
  .text              ro code   0x800'286a     0x4  low_level_init.o [2]
  .text              ro code   0x800'286e     0x4  exit.o [2]
  .text              ro code   0x800'2874     0xa  cexit.o [4]
  .rodata            const     0x800'2880    0x1c  system.o [1]
  .text              ro code   0x800'289c    0x1c  cstartup_M.o [4]
  .text              ro code   0x800'28b8    0x18  stm32f4xx_it.o [1]
  .text              ro code   0x800'28d0    0x16  xprout.o [2]
  .rodata            const     0x800'28e8    0x10  main.o [1]
  .text              ro code   0x800'28f8    0x10  startup_stm32f411xe.o [1]
  .rodata            const     0x800'2908     0xc  main.o [1]
  .rodata            const     0x800'2914     0x8  xprintffull_nomb.o [2]
  .text              ro code   0x800'291c     0x4  startup_stm32f411xe.o [1]
  .text              ro code   0x800'2920     0x4  startup_stm32f411xe.o [1]
  .text              ro code   0x800'2924     0x4  startup_stm32f411xe.o [1]
  .text              ro code   0x800'2928     0x4  startup_stm32f411xe.o [1]
  .text              ro code   0x800'292c     0x4  startup_stm32f411xe.o [1]
  .text              ro code   0x800'2930     0x4  startup_stm32f411xe.o [1]
  .text              ro code   0x800'2934     0x4  startup_stm32f411xe.o [1]
  .text              ro code   0x800'2938     0x4  startup_stm32f411xe.o [1]
  .text              ro code   0x800'293c     0x4  startup_stm32f411xe.o [1]
  .text              ro code   0x800'2940     0x4  startup_stm32f411xe.o [1]
  .text              ro code   0x800'2944     0x4  startup_stm32f411xe.o [1]
  .text              ro code   0x800'2948     0x4  startup_stm32f411xe.o [1]
  .text              ro code   0x800'294c     0x4  startup_stm32f411xe.o [1]
  .text              ro code   0x800'2950     0x4  startup_stm32f411xe.o [1]
  .text              ro code   0x800'2954     0x4  startup_stm32f411xe.o [1]
  .text              ro code   0x800'2958     0x4  startup_stm32f411xe.o [1]
  .text              ro code   0x800'295c     0x4  startup_stm32f411xe.o [1]
  .text              ro code   0x800'2960     0x4  startup_stm32f411xe.o [1]
  .text              ro code   0x800'2964     0x4  startup_stm32f411xe.o [1]
  .text              ro code   0x800'2968     0x4  startup_stm32f411xe.o [1]
  .text              ro code   0x800'296c     0x4  startup_stm32f411xe.o [1]
  .text              ro code   0x800'2970     0x4  startup_stm32f411xe.o [1]
  .text              ro code   0x800'2974     0x4  startup_stm32f411xe.o [1]
  .text              ro code   0x800'2978     0x4  startup_stm32f411xe.o [1]
  .text              ro code   0x800'297c     0x4  startup_stm32f411xe.o [1]
  .text              ro code   0x800'2980     0x4  startup_stm32f411xe.o [1]
  .text              ro code   0x800'2984     0x4  startup_stm32f411xe.o [1]
  .text              ro code   0x800'2988     0x4  startup_stm32f411xe.o [1]
  .text              ro code   0x800'298c     0x4  startup_stm32f411xe.o [1]
  .text              ro code   0x800'2990     0x4  startup_stm32f411xe.o [1]
  .text              ro code   0x800'2994     0x4  startup_stm32f411xe.o [1]
  .text              ro code   0x800'2998     0x4  startup_stm32f411xe.o [1]
  .text              ro code   0x800'299c     0x4  startup_stm32f411xe.o [1]
  .text              ro code   0x800'29a0     0x4  startup_stm32f411xe.o [1]
  .text              ro code   0x800'29a4     0x4  startup_stm32f411xe.o [1]
  .text              ro code   0x800'29a8     0x4  startup_stm32f411xe.o [1]
  .text              ro code   0x800'29ac     0x4  startup_stm32f411xe.o [1]
  .text              ro code   0x800'29b0     0x4  startup_stm32f411xe.o [1]
  .text              ro code   0x800'29b4     0x4  startup_stm32f411xe.o [1]
  .text              ro code   0x800'29b8     0x4  startup_stm32f411xe.o [1]
  .text              ro code   0x800'29bc     0x4  startup_stm32f411xe.o [1]
  .text              ro code   0x800'29c0     0x4  startup_stm32f411xe.o [1]
  .text              ro code   0x800'29c4     0x4  startup_stm32f411xe.o [1]
  .text              ro code   0x800'29c8     0x4  startup_stm32f411xe.o [1]
  .text              ro code   0x800'29cc     0x4  startup_stm32f411xe.o [1]
  .text              ro code   0x800'29d0     0x4  startup_stm32f411xe.o [1]
  .text              ro code   0x800'29d4     0x4  startup_stm32f411xe.o [1]
  .text              ro code   0x800'29d8     0x4  startup_stm32f411xe.o [1]
  .text              ro code   0x800'29dc     0x4  startup_stm32f411xe.o [1]
  .text              ro code   0x800'29e0     0x4  startup_stm32f411xe.o [1]
  .text              ro code   0x800'29e4     0x4  startup_stm32f411xe.o [1]
  .text              ro code   0x800'29e8     0x4  startup_stm32f411xe.o [1]
  .text              ro code   0x800'29ec     0x4  startup_stm32f411xe.o [1]
  .text              ro code   0x800'29f0     0x4  startup_stm32f411xe.o [1]
  .text              ro code   0x800'29f4     0x4  startup_stm32f411xe.o [1]
  .text              ro code   0x800'29f8     0x4  startup_stm32f411xe.o [1]
  .text              ro code   0x800'29fc     0x4  startup_stm32f411xe.o [1]
  .rodata            const     0x800'2a00     0x0  packbits_init_single.o [4]
  Initializer bytes  const     0x800'2a00    0xa8  <for P2-1>
                             - 0x800'2aa8  0x2910

"P2", part 1 of 2:                           0xde
  P2-1                        0x2000'0000    0xde  <Init block>
    .data            inited   0x2000'0000    0x68  io.o [1]
    .data            inited   0x2000'0068    0x1c  io.o [1]
    .data            inited   0x2000'0084    0x10  stm32f4xx_rcc.o [1]
    .data            inited   0x2000'0094     0x4  system_stm32f4xx.o [1]
    .data            inited   0x2000'0098    0x30  UART.o [1]
    .bss             inited   0x2000'00c8     0x4  main.o [1]
    .bss             inited   0x2000'00cc     0x4  main.o [1]
    .bss             inited   0x2000'00d0     0x4  main.o [1]
    .bss             inited   0x2000'00d4     0x4  system.o [1]
    .bss             inited   0x2000'00d8     0x4  xfail_s.o [2]
    .bss             inited   0x2000'00dc     0x1  main.o [1]
    .bss             inited   0x2000'00dd     0x1  system.o [1]
                            - 0x2000'00de    0xde

"P2", part 2 of 2:                         0x2000
  CSTACK                      0x2000'00e0  0x2000  <Block>
    CSTACK           uninit   0x2000'00e0  0x2000  <Block tail>
                            - 0x2000'20e0  0x2000

Unused ranges:

         From           To      Size
         ----           --      ----
   0x800'2aa8   0x807'ffff  0x7'd558
  0x2000'00de  0x2000'00df       0x2
  0x2000'20e0  0x2001'ffff  0x1'df20


*******************************************************************************
*** INIT TABLE
***

          Address      Size
          -------      ----
Copy/packbits (__iar_packbits_init_single3)
    1 source range, total size 0xa8 (75% of destination):
           0x800'2a00  0xa8
    1 destination range, total size 0xde:
          0x2000'0000  0xde



*******************************************************************************
*** MODULE SUMMARY
***

    Module                  ro code  ro data  rw data
    ------                  -------  -------  -------
command line/config:
    -------------------------------------------------
    Total:

D:\kod\Project_ARM\05_UART_LCD\Debug\Obj: [1]
    UART.o                      212       36       48
    delay.o                      76
    io.o                        292       99      132
    lcd.o                       408
    main.o                      244       38       13
    startup_stm32f411xe.o       652
    stm32f4xx_gpio.o            168
    stm32f4xx_it.o               24
    stm32f4xx_rcc.o             300       13       16
    stm32f4xx_usart.o           262
    system.o                    272       32        5
    system_stm32f4xx.o          204        3        4
    -------------------------------------------------
    Total:                    3'114      221      218

dl7M_tln.a: [2]
    abort.o                       6
    exit.o                        4
    low_level_init.o              4
    printf.o                     40
    putchar.o                    32
    xfail_s.o                    64        3        4
    xprintffull_nomb.o        4'006        8
    xprout.o                     22
    -------------------------------------------------
    Total:                    4'178       11        4

m7M_tl.a: [3]
    DblAdd.o                    362
    DblCmpGe.o                   46
    DblCmpLe.o                   46
    DblDiv.o                    582
    DblMul.o                    418
    DblSub.o                    226
    DblToS32.o                   58
    DblToU32.o                   40
    S32ToDbl.o                   34
    U32ToDbl.o                   26
    frexp.o                     112
    ldexp.o                     314
    -------------------------------------------------
    Total:                    2'264

rt7M_tl.a: [4]
    ABImemcpy.o                 166
    I64DivMod.o                 560
    I64DivZer.o                   2
    cexit.o                      10
    cmain.o                      30
    cstartup_M.o                 28
    data_init.o                  40
    memchr.o                     88
    packbits_init_single.o       56
    strchr.o                     22
    strlen.o                     54
    -------------------------------------------------
    Total:                    1'056

shb_l.a: [5]
    exit.o                       20
    -------------------------------------------------
    Total:                       20

    Gaps                         36        4
    Linker created                        16    8'192
-----------------------------------------------------
    Grand Total:             10'668      252    8'414


*******************************************************************************
*** ENTRY LIST
***

Entry                       Address   Size  Type      Object
-----                       -------   ----  ----      ------
.iar.init_table$$Base    0x800'281c          --   Gb  - Linker created -
.iar.init_table$$Limit   0x800'282c          --   Gb  - Linker created -
?main                    0x800'284d         Code  Gb  cmain.o [4]
APBAHBPrescTable        0x2000'0084   0x10  Data  Lc  stm32f4xx_rcc.o [1]
BusFault_Handler         0x800'28bf    0x2  Code  Gb  stm32f4xx_it.o [1]
CSTACK$$Base            0x2000'00e0          --   Gb  - Linker created -
CSTACK$$Limit           0x2000'20e0          --   Gb  - Linker created -
DebugMon_Handler         0x800'28c5    0x2  Code  Gb  stm32f4xx_it.o [1]
GPIO_Clocks              0x800'2880   0x1c  Data  Lc  system.o [1]
GPIO_Init                0x800'2115   0xa8  Code  Gb  stm32f4xx_gpio.o [1]
GPIO_Ports              0x2000'0068   0x1c  Data  Gb  io.o [1]
HardFault_Handler        0x800'28bb    0x2  Code  Gb  stm32f4xx_it.o [1]
IO_Init                  0x800'1fa5   0xea  Code  Gb  io.o [1]
IO_Write                 0x800'208f   0x30  Code  Gb  io.o [1]
LCD_Clear                0x800'1ecf   0x10  Code  Gb  lcd.o [1]
LCD_Enable               0x800'1eed   0x12  Code  Gb  lcd.o [1]
LCD_Init                 0x800'1eff   0x6e  Code  Gb  lcd.o [1]
LCD_PutChar              0x800'1eb9   0x16  Code  Gb  lcd.o [1]
LCD_SendCmd              0x800'1e9b   0x1e  Code  Gb  lcd.o [1]
LCD_SendCmdL             0x800'1e6d   0x16  Code  Lc  lcd.o [1]
LCD_SendData             0x800'1e83   0x18  Code  Lc  lcd.o [1]
LCD_SendDataL            0x800'1e0d   0x60  Code  Lc  lcd.o [1]
LCD_SetCursor            0x800'1edf    0xe  Code  Gb  lcd.o [1]
LCD_putch                0x800'1f75   0x30  Code  Gb  lcd.o [1]
MemManage_Handler        0x800'28bd    0x2  Code  Gb  stm32f4xx_it.o [1]
NMI_Handler              0x800'28b9    0x2  Code  Gb  stm32f4xx_it.o [1]
PendSV_Handler           0x800'28c7    0x2  Code  Gb  stm32f4xx_it.o [1]
RCC_AHB1PeriphClockCmd   0x800'2275   0x1c  Code  Gb  stm32f4xx_rcc.o [1]
RCC_APB1PeriphClockCmd   0x800'2291   0x1c  Code  Gb  stm32f4xx_rcc.o [1]
RCC_APB2PeriphClockCmd   0x800'22ad   0x1c  Code  Gb  stm32f4xx_rcc.o [1]
RCC_GetClocksFreq        0x800'21bd   0xb8  Code  Gb  stm32f4xx_rcc.o [1]
Region$$Table$$Base      0x800'281c          --   Gb  - Linker created -
Region$$Table$$Limit     0x800'282c          --   Gb  - Linker created -
SVC_Handler              0x800'28c3    0x2  Code  Gb  stm32f4xx_it.o [1]
SetSysClock              0x800'272d   0x60  Code  Lc  system_stm32f4xx.o [1]
SysTick_Config           0x800'230d   0x2e  Code  Lc  system.o [1]
SysTick_Handler          0x800'28c9    0x8  Code  Gb  stm32f4xx_it.o [1]
Sys_ClockTick            0x800'2369    0xa  Code  Gb  system.o [1]
Sys_ConsoleInit          0x800'2379   0x14  Code  Gb  system.o [1]
Sys_IoInit               0x800'233b   0x1a  Code  Gb  system.o [1]
Sys_TickInit             0x800'2355   0x14  Code  Gb  system.o [1]
SystemCoreClock         0x2000'0094    0x4  Data  Gb  system_stm32f4xx.o [1]
SystemInit               0x800'26f1   0x3c  Code  Gb  system_stm32f4xx.o [1]
Task_LED                 0x800'25ff   0x68  Code  Gb  main.o [1]
Task_LED::state         0x2000'00dc    0x1  Data  Lc  main.o [1]
Task_LED::t0            0x2000'00c8    0x4  Data  Lc  main.o [1]
Task_LED::t1            0x2000'00cc    0x4  Data  Lc  main.o [1]
Task_Print               0x800'2667   0x2c  Code  Gb  main.o [1]
UART_Init                0x800'23f9   0x7e  Code  Gb  UART.o [1]
UART_Send                0x800'2477   0x30  Code  Gb  UART.o [1]
UART_putch               0x800'24ad   0x20  Code  Gb  UART.o [1]
USART_Cmd                0x800'2595   0x1c  Code  Gb  stm32f4xx_usart.o [1]
USART_GetFlagStatus      0x800'25b9   0x1a  Code  Gb  stm32f4xx_usart.o [1]
USART_Init               0x800'24cd   0xb8  Code  Gb  stm32f4xx_usart.o [1]
USART_SendData           0x800'25b1    0x8  Code  Gb  stm32f4xx_usart.o [1]
UsageFault_Handler       0x800'28c1    0x2  Code  Gb  stm32f4xx_it.o [1]
_LitobFullNoMb           0x800'0f39  0x10a  Code  Lc  xprintffull_nomb.o [2]
_PrintfFullNoMb          0x800'0199  0xd7c  Code  Gb  xprintffull_nomb.o [2]
_Prout                   0x800'28d1   0x16  Code  Gb  xprout.o [2]
_PutcharFullNoMb         0x800'10a9   0x20  Code  Lc  xprintffull_nomb.o [2]
_PutcharsFullNoMb        0x800'10c9   0x2e  Code  Lc  xprintffull_nomb.o [2]
_TmTick                 0x2000'00d4    0x4  Data  Gb  system.o [1]
__NVIC_SetPriority       0x800'22e9   0x24  Code  Lc  system.o [1]
__aeabi_cdcmple          0x800'1341         Code  Gb  DblCmpLe.o [3]
__aeabi_cdrcmple         0x800'1371         Code  Gb  DblCmpGe.o [3]
__aeabi_d2iz             0x800'14dd         Code  Gb  DblToS32.o [3]
__aeabi_d2uiz            0x800'1869         Code  Gb  DblToU32.o [3]
__aeabi_ddiv             0x800'1621         Code  Gb  DblDiv.o [3]
__aeabi_dmul             0x800'18ad         Code  Gb  DblMul.o [3]
__aeabi_dsub             0x800'153d         Code  Gb  DblSub.o [3]
__aeabi_i2d              0x800'1519         Code  Gb  S32ToDbl.o [3]
__aeabi_ldiv0            0x800'1df5         Code  Gb  I64DivZer.o [4]
__aeabi_memcpy           0x800'1229         Code  Gb  ABImemcpy.o [4]
__aeabi_memcpy4          0x800'1249         Code  Gb  ABImemcpy.o [4]
__aeabi_memcpy8          0x800'1249         Code  Gb  ABImemcpy.o [4]
__aeabi_ui2d             0x800'1891         Code  Gb  U32ToDbl.o [3]
__aeabi_uldivmod         0x800'1a51         Code  Gb  I64DivMod.o [4]
__cmain                  0x800'284d         Code  Gb  cmain.o [4]
__delay                  0x800'20dd         Code  Wk  delay.o [1]
__exit                   0x800'1df9   0x14  Code  Gb  exit.o [5]
__iar_Fail_s             0x800'1159   0x1c  Code  Gb  xfail_s.o [2]
__iar_Memchr             0x800'11d1         Code  Gb  memchr.o [4]
__iar_Strchr             0x800'1141         Code  Gb  strchr.o [4]
__iar_dadd               0x800'154d         Code  Gb  DblSub.o [3]
__iar_data_init3         0x800'27f5   0x28  Code  Gb  data_init.o [4]
__iar_dsub               0x800'1c89         Code  Gb  DblAdd.o [3]
__iar_dsubStart          0x800'1c9b         Code  Gb  DblAdd.o [3]
__iar_frexp              0x800'12dd         Code  Gb  frexp.o [3]
__iar_frexp64            0x800'12d1         Code  Gb  frexp.o [3]
__iar_frexpl             0x800'12dd         Code  Gb  frexp.o [3]
__iar_ldexp64            0x800'13a1         Code  Gb  ldexp.o [3]
__iar_packbits_init_single3
                         0x800'27bd   0x38  Code  Gb  packbits_init_single.o [4]
__iar_program_start      0x800'289d         Code  Gb  cstartup_M.o [4]
__iar_scalbln64          0x800'13a1         Code  Gb  ldexp.o [3]
__iar_scalbn64           0x800'13a1         Code  Gb  ldexp.o [3]
__low_level_init         0x800'286b    0x4  Code  Gb  low_level_init.o [2]
__vector_table           0x800'0000         Data  Gb  startup_stm32f411xe.o [1]
__write                  0x800'23c7   0x32  Code  Gb  system.o [1]
_call_main               0x800'2859         Code  Gb  cmain.o [4]
_conUART                0x2000'00dd    0x1  Data  Gb  system.o [1]
_exit                    0x800'2875         Code  Gb  cexit.o [4]
_ios                    0x2000'0000   0x68  Data  Gb  io.o [1]
_main                    0x800'2863         Code  Gb  cmain.o [4]
_putch                   0x800'23b1   0x16  Code  Gb  system.o [1]
abort                    0x800'1c81    0x6  Code  Gb  abort.o [2]
clock                    0x800'2373    0x6  Code  Gb  system.o [1]
exit                     0x800'286f    0x4  Code  Gb  exit.o [2]
frexp                    0x800'12d1         Code  Gb  frexp.o [3]
frexpl                   0x800'12d1         Code  Gb  frexp.o [3]
init                     0x800'25d5   0x2a  Code  Gb  main.o [1]
ldexp                    0x800'13a1         Code  Gb  ldexp.o [3]
ldexpl                   0x800'13a1         Code  Gb  ldexp.o [3]
main                     0x800'2693   0x16  Code  Gb  main.o [1]
memchr                   0x800'11d1         Code  Gb  memchr.o [4]
printf                   0x800'26c9   0x28  Code  Gb  printf.o [2]
putchar                  0x800'282d   0x20  Code  Gb  putchar.o [2]
scalbln                  0x800'13a1         Code  Gb  ldexp.o [3]
scalblnl                 0x800'13a1         Code  Gb  ldexp.o [3]
scalbn                   0x800'13a1         Code  Gb  ldexp.o [3]
scalbnl                  0x800'13a1         Code  Gb  ldexp.o [3]
scale                    0x800'1043   0x46  Code  Lc  xprintffull_nomb.o [2]
sec_hand                0x2000'00d8    0x4  Data  Lc  xfail_s.o [2]
strchr                   0x800'1141         Code  Gb  strchr.o [4]
strlen                   0x800'1199         Code  Gb  strlen.o [4]
sys_sec                 0x2000'00d0    0x4  Data  Lc  main.o [1]
uCfg                    0x2000'0098   0x30  Data  Lc  UART.o [1]


[1] = D:\kod\Project_ARM\05_UART_LCD\Debug\Obj
[2] = dl7M_tln.a
[3] = m7M_tl.a
[4] = rt7M_tl.a
[5] = shb_l.a

  10'668 bytes of readonly  code memory
     252 bytes of readonly  data memory
   8'414 bytes of readwrite data memory

Errors: none
Warnings: none
